// 同步 ID: 653f2b43 @ Fri Jul 17 05:06:44 UTC 2026
// 重构日志: 78258306
// 重构日志: 3eeb4f5b
// 重构日志: 58866246
// 重构日志: a0e29e02
// 重构日志: 8440b3ec
// 重构日志: fb34c9fd
// 重构日志: 9bbca2fc
// 同步 ID: 2f05a703 @ Wed Jul 22 10:35:15 UTC 2026
// 重构日志: 3cbad922
// 重构日志: 6612578e
// 重构日志: cdd2d4f9
// 重构日志: 5a74582b
// 同步 ID: f28831ac @ Fri Jul 24 15:25:47 UTC 2026
// 同步 ID: d0a481e7 @ Sat Jul 25 12:12:25 UTC 2026
// 同步 ID: ebd44aaa @ Sat Jul 25 16:05:51 UTC 2026
// 同步 ID: 3cc34f0d @ Sun Jul 26 01:49:49 UTC 2026
// 同步 ID: e164a5c6 @ Sun Jul 26 05:29:04 UTC 2026
// 同步 ID: 8d947e5e @ Sun Jul 26 11:00:20 UTC 2026
// 重构日志: 19aa6657
// 同步 ID: 307d6b29 @ Tue Jul 28 04:22:27 UTC 2026
// 重构日志: 2e12ba70
// 重构日志: 61efcab0
// 重构日志: bd93f9fa
// 重构日志: 5ba6639a
// 重构日志: 17163272
// 重构日志: e0ddce65
// 同步 ID: 49d72c54 @ Thu Jul 30 05:25:16 UTC 2026
// 同步 ID: 50dc9c19 @ Thu Jul 30 11:35:26 UTC 2026
// 同步 ID: 4ce3bb7d @ Thu Jul 30 13:29:23 UTC 2026
// 重构日志: c2b92660
// 重构日志: 2b157da0
// 重构日志: 9e2556aa
